.next/types/validator.ts(245,11): error TS1360: Type 'typeof import("C:/Users/user/Music/m-system/app/api/financial-support/[id]/reminder/route")' does not satisfy the expected type 'RouteHandlerConfig<"/api/financial-support/[id]/reminder">'.
  Types of property 'POST' are incompatible.
    Type '(req: Request, { params }: RouteParams) => Promise<NextResponse<{ error: string; }> | NextResponse<{ message: string; recipient: string | null; financialSupport: { id: number; lastReminderSent: Date | null; nextReminderDate: Date | null; }; }>>' is not assignable to type '(request: NextRequest, context: { params: Promise<{ id: string; }>; }) => void | Response | Promise<void | Response>'.
      Types of parameters '__1' and 'context' are incompatible.
        Type '{ params: Promise<{ id: string; }>; }' is not assignable to type 'RouteParams'.
          Types of property 'params' are incompatible.
            Property 'id' is missing in type 'Promise<{ id: string; }>' but required in type '{ id: string; }'.
.next/types/validator.ts(251,11): error TS1360: Type 'typeof import("C:/Users/user/Music/m-system/app/api/financial-support/[id]/route")' does not satisfy the expected type 'RouteHandlerConfig<"/api/financial-support/[id]">'.
  Types of property 'GET' are incompatible.
    Type '(req: Request, { params }: RouteParams) => Promise<NextResponse<{ error: string; }> | NextResponse<{ graduate: { id: number; email: string | null; university: string | null; ... 7 more ...; profession: string | null; }; } & { ...; }>>' is not assignable to type '(request: NextRequest, context: { params: Promise<{ id: string; }>; }) => void | Response | Promise<void | Response>'.
      Types of parameters '__1' and 'context' are incompatible.
        Type '{ params: Promise<{ id: string; }>; }' is not assignable to type 'RouteParams'.
          Types of property 'params' are incompatible.
            Property 'id' is missing in type 'Promise<{ id: string; }>' but required in type '{ id: string; }'.
.next/types/validator.ts(389,11): error TS1360: Type 'typeof import("C:/Users/user/Music/m-system/app/api/reports/[id]/route")' does not satisfy the expected type 'RouteHandlerConfig<"/api/reports/[id]">'.
  Types of property 'GET' are incompatible.
    Type '(req: Request, { params }: { params: { id: string; }; }) => Promise<NextResponse<{ error: string; }> | NextResponse<{ user: { email: string | null; name: string | null; }; activity_log: ({ ...; } & { ...; })[]; evaluation_response: ({ ...; } & { ...; })[]; strategic_priority: { ...; }; } & { ...; }>>' is not assignable to type '(request: NextRequest, context: { params: Promise<{ id: string; }>; }) => void | Response | Promise<void | Response>'.
      Types of parameters '__1' and 'context' are incompatible.
        Type '{ params: Promise<{ id: string; }>; }' is not assignable to type '{ params: { id: string; }; }'.
          Types of property 'params' are incompatible.
            Property 'id' is missing in type 'Promise<{ id: string; }>' but required in type '{ id: string; }'.
app/api/reports/export/route.ts(10,23): error TS7016: Could not find a declaration file for module 'puppeteer-core'. 'C:/Users/user/Music/m-system/node_modules/puppeteer-core/lib/esm/puppeteer/puppeteer-core.js' implicitly has an 'any' type.
  Try `npm i --save-dev @types/puppeteer-core` if it exists or add a new declaration (.d.ts) file containing `declare module 'puppeteer-core';`
app/components/public/success-view.tsx(5,22): error TS7016: Could not find a declaration file for module 'canvas-confetti'. 'C:/Users/user/Music/m-system/node_modules/canvas-confetti/src/confetti.js' implicitly has an 'any' type.
  Try `npm i --save-dev @types/canvas-confetti` if it exists or add a new declaration (.d.ts) file containing `declare module 'canvas-confetti';`
app/components/role-based-access.tsx(123,20): error TS2322: Type '("smallGroup" | "graduateSmallGroup")[]' is not assignable to type 'UserRole | UserRole[]'.
  Type '("smallGroup" | "graduateSmallGroup")[]' is not assignable to type 'UserRole[]'.
    Type '"smallGroup" | "graduateSmallGroup"' is not assignable to type 'UserRole'.
      Type '"smallGroup"' is not assignable to type 'UserRole'. Did you mean '"smallgroup"'?
app/components/role-based-access.tsx(127,20): error TS2820: Type '"graduateSmallGroup"' is not assignable to type 'UserRole | UserRole[]'. Did you mean '"graduatesmallgroup"'?
app/components/role-based-access.tsx(140,21): error TS2820: Type '"smallGroup"' is not assignable to type 'UserRole | UserRole[]'. Did you mean '"smallgroup"'?
app/components/role-based-access.tsx(144,21): error TS2820: Type '"graduateSmallGroup"' is not assignable to type 'UserRole | UserRole[]'. Did you mean '"graduatesmallgroup"'?
app/components/role-based-access.tsx(157,20): error TS2820: Type '"smallGroup"' is not assignable to type 'UserRole | UserRole[]'. Did you mean '"smallgroup"'?
app/components/role-based-access.tsx(161,20): error TS2820: Type '"graduateSmallGroup"' is not assignable to type 'UserRole | UserRole[]'. Did you mean '"graduatesmallgroup"'?
app/components/role-based-access.tsx(174,20): error TS2322: Type '("smallGroup" | "graduateSmallGroup")[]' is not assignable to type 'UserRole | UserRole[]'.
  Type '("smallGroup" | "graduateSmallGroup")[]' is not assignable to type 'UserRole[]'.
    Type '"smallGroup" | "graduateSmallGroup"' is not assignable to type 'UserRole'.
      Type '"smallGroup"' is not assignable to type 'UserRole'. Did you mean '"smallgroup"'?
app/components/ui/chart.tsx(109,3): error TS2339: Property 'payload' does not exist on type 'Omit<Props<ValueType, NameType>, PropertiesReadFromContext> & { active?: boolean | undefined; includeHidden?: boolean | undefined; ... 17 more ...; axisId?: AxisId | undefined; } & ClassAttributes<...> & HTMLAttributes<...> & { ...; }'.
app/components/ui/chart.tsx(114,3): error TS2339: Property 'label' does not exist on type 'Omit<Props<ValueType, NameType>, PropertiesReadFromContext> & { active?: boolean | undefined; includeHidden?: boolean | undefined; ... 17 more ...; axisId?: AxisId | undefined; } & ClassAttributes<...> & HTMLAttributes<...> & { ...; }'.
app/components/ui/chart.tsx(182,23): error TS7006: Parameter 'item' implicitly has an 'any' type.
app/components/ui/chart.tsx(182,29): error TS7006: Parameter 'index' implicitly has an 'any' type.
app/components/ui/chart.tsx(260,39): error TS2344: Type '"payload" | "verticalAlign"' does not satisfy the constraint '"string" | "path" | "href" | "origin" | "id" | "name" | "result" | "cursor" | "type" | "className" | "content" | "crossOrigin" | "height" | "lang" | "max" | "media" | "method" | ... 429 more ... | "onBBoxUpdate"'.
  Type '"payload"' is not assignable to type '"string" | "path" | "href" | "origin" | "id" | "name" | "result" | "cursor" | "type" | "className" | "content" | "crossOrigin" | "height" | "lang" | "max" | "media" | "method" | ... 429 more ... | "onBBoxUpdate"'.
app/components/ui/chart.tsx(266,17): error TS2339: Property 'length' does not exist on type '{}'.
app/components/ui/chart.tsx(278,16): error TS2339: Property 'map' does not exist on type '{}'.
app/components/ui/chart.tsx(278,21): error TS7006: Parameter 'item' implicitly has an 'any' type.
app/components/ui/command.tsx(53,9): error TS2322: Type '{ children: Element; className: string; showCloseButton: boolean; }' is not assignable to type 'IntrinsicAttributes & Omit<DialogContentProps & RefAttributes<HTMLDivElement>, "ref"> & RefAttributes<...>'.
  Property 'showCloseButton' does not exist on type 'IntrinsicAttributes & Omit<DialogContentProps & RefAttributes<HTMLDivElement>, "ref"> & RefAttributes<...>'.
app/components/ui/drawer.tsx(4,43): error TS2307: Cannot find module 'vaul' or its corresponding type declarations.
app/components/ui/mode-toggle.tsx(5,26): error TS2307: Cannot find module 'next-themes' or its corresponding type declarations.
app/components/ui/sonner.tsx(3,26): error TS2307: Cannot find module 'next-themes' or its corresponding type declarations.
app/components/ui/toggle-group.tsx(4,39): error TS2307: Cannot find module '@radix-ui/react-toggle-group' or its corresponding type declarations.
app/components/ui/toggle.tsx(4,34): error TS2307: Cannot find module '@radix-ui/react-toggle' or its corresponding type declarations.
app/test-regions/page.tsx(30,16): error TS2345: Argument of type '"Network error"' is not assignable to parameter of type 'SetStateAction<null>'.
app/test-regions/page.tsx(36,36): error TS7006: Parameter 'regionId' implicitly has an 'any' type.
app/test-regions/page.tsx(53,36): error TS7006: Parameter 'regionId' implicitly has an 'any' type.
app/test-regions/page.tsx(53,46): error TS7006: Parameter 'universityId' implicitly has an 'any' type.
app/test-regions/page.tsx(70,36): error TS7006: Parameter 'regionId' implicitly has an 'any' type.
app/test-regions/page.tsx(91,31): error TS7006: Parameter 'regionId' implicitly has an 'any' type.
app/test-regions/page.tsx(117,35): error TS2339: Property 'id' does not exist on type 'never'.
app/test-regions/page.tsx(117,53): error TS2339: Property 'id' does not exist on type 'never'.
app/test-regions/page.tsx(118,25): error TS2339: Property 'name' does not exist on type 'never'.
components/assign-role-modal.tsx(263,28): error TS2339: Property 'id' does not exist on type '{ regionId?: number | undefined; universityId?: number | undefined; smallGroupId?: number | undefined; alumniGroupId?: number | undefined; scope?: string | undefined; }'.
components/assign-role-modal.tsx(459,23): error TS2322: Type 'void' is not assignable to type 'ReactNode'.
hooks/use-hierarchical-navigation.tsx(69,14): error TS2678: Type '"smallgroup"' is not comparable to type '"region" | "university" | "smallGroup" | "graduateSmallGroup" | "superadmin" | "national"'.
lib/data-validation.ts(125,46): error TS2339: Property 'member' does not exist on type 'PrismaClient<PrismaClientOptions, never, DefaultArgs>'.
lib/data-validation.ts(142,47): error TS2339: Property 'member' does not exist on type 'PrismaClient<PrismaClientOptions, never, DefaultArgs>'.
lib/data-validation.ts(151,51): error TS2339: Property 'member' does not exist on type 'PrismaClient<PrismaClientOptions, never, DefaultArgs>'.
lib/data-validation.ts(160,51): error TS2339: Property 'member' does not exist on type 'PrismaClient<PrismaClientOptions, never, DefaultArgs>'.
lib/data-validation.ts(170,33): error TS2339: Property 'member' does not exist on type 'PrismaClient<PrismaClientOptions, never, DefaultArgs>'.
lib/data-validation.ts(198,51): error TS2339: Property 'attendance' does not exist on type 'PrismaClient<PrismaClientOptions, never, DefaultArgs>'.
lib/data-validation.ts(208,50): error TS2339: Property 'attendance' does not exist on type 'PrismaClient<PrismaClientOptions, never, DefaultArgs>'.
lib/data-validation.ts(223,42): error TS2339: Property 'attendance' does not exist on type 'PrismaClient<PrismaClientOptions, never, DefaultArgs>'.
lib/data-validation.ts(237,43): error TS2339: Property 'attendance' does not exist on type 'PrismaClient<PrismaClientOptions, never, DefaultArgs>'.
lib/data-validation.ts(250,33): error TS2339: Property 'attendance' does not exist on type 'PrismaClient<PrismaClientOptions, never, DefaultArgs>'.
lib/data-validation.ts(278,54): error TS2339: Property 'contribution' does not exist on type 'PrismaClient<PrismaClientOptions, never, DefaultArgs>'.
lib/data-validation.ts(288,58): error TS2339: Property 'contribution' does not exist on type 'PrismaClient<PrismaClientOptions, never, DefaultArgs>'.
lib/data-validation.ts(298,42): error TS2339: Property 'contribution' does not exist on type 'PrismaClient<PrismaClientOptions, never, DefaultArgs>'.
lib/data-validation.ts(312,33): error TS2339: Property 'contribution' does not exist on type 'PrismaClient<PrismaClientOptions, never, DefaultArgs>'.
lib/data-validation.ts(337,16): error TS2322: Type 'null' is not assignable to type 'number | IntFilter<"University"> | undefined'.
lib/data-validation.ts(346,16): error TS2322: Type 'null' is not assignable to type 'number | IntFilter<"SmallGroup"> | undefined'.
lib/data-validation.ts(394,48): error TS2339: Property 'attendance' does not exist on type 'PrismaClient<PrismaClientOptions, never, DefaultArgs>'.
lib/data-validation.ts(404,39): error TS2339: Property 'member' does not exist on type 'PrismaClient<PrismaClientOptions, never, DefaultArgs>'.
lib/data-validation.ts(405,40): error TS2339: Property 'member' does not exist on type 'PrismaClient<PrismaClientOptions, never, DefaultArgs>'.
lib/data-validation.ts(439,13): error TS2353: Object literal may only specify known properties, and 'regionId' does not exist in type 'UserWhereInput'.
lib/data-validation.ts(440,13): error TS2353: Object literal may only specify known properties, and 'universityId' does not exist in type 'UserWhereInput'.
lib/data-validation.ts(441,13): error TS2353: Object literal may only specify known properties, and 'smallGroupId' does not exist in type 'UserWhereInput'.
lib/data-validation.ts(470,38): error TS2339: Property 'member' does not exist on type 'PrismaClient<PrismaClientOptions, never, DefaultArgs>'.
lib/data-validation.ts(475,42): error TS2339: Property 'attendance' does not exist on type 'PrismaClient<PrismaClientOptions, never, DefaultArgs>'.
lib/rls-middleware.ts(56,35): error TS2345: Argument of type '"region" | "university" | "smallgroup" | "alumnismallgroup"' is not assignable to parameter of type '"region" | "university" | "smallgroup" | "graduatesmallgroup"'.
  Type '"alumnismallgroup"' is not assignable to type '"region" | "university" | "smallgroup" | "graduatesmallgroup"'.
lib/rls-middleware.ts(75,7): error TS2322: Type 'RLSConditions' is not assignable to type 'Record<string, unknown>'.
  Index signature for type 'string' is missing in type 'RLSConditions'.
lib/rls-middleware.ts(100,7): error TS2322: Type 'RLSConditions' is not assignable to type 'Record<string, unknown>'.
  Index signature for type 'string' is missing in type 'RLSConditions'.
